// Jest Snapshot v1, https://goo.gl/fbAQLP

exports[`Render PlacesMap 1`] = `
<section
  className="property__map map"
/>
`;
